// Vitest Snapshot v1, https://vitest.dev/guide/snapshot.html

exports[`UserDrawerSettings > should render without crashing 1`] = `<div />`;

exports[`should render without crashing 1`] = `<div />`;
