// Vitest Snapshot v1, https://vitest.dev/guide/snapshot.html

exports[`SearchBar > should render without crashing 1`] = `
<div>
  <div
    class="MuiBox-root css-1wal5io"
  >
    <div
      class="MuiBox-root css-3g3bdw"
    >
      <svg
        aria-hidden="true"
        class="MuiSvgIcon-root MuiSvgIcon-fontSizeMedium css-18m7kj6-MuiSvgIcon-root"
        data-testid="SearchIcon"
        focusable="false"
        viewBox="0 0 24 24"
      >
        <path
          d="M15.5 14h-.79l-.28-.27C15.41 12.59 16 11.11 16 9.5 16 5.91 13.09 3 9.5 3S3 5.91 3 9.5 5.91 16 9.5 16c1.61 0 3.09-.59 4.23-1.57l.27.28v.79l5 4.99L20.49 19l-4.99-5zm-6 0C7.01 14 5 11.99 5 9.5S7.01 5 9.5 5 14 7.01 14 9.5 11.99 14 9.5 14z"
        />
      </svg>
    </div>
    <div
      class="MuiInputBase-root MuiInputBase-colorPrimary css-h0byw8-MuiInputBase-root"
    >
      <input
        aria-label="search"
        class="MuiInputBase-input css-1u71ta7-MuiInputBase-input"
        placeholder="Search"
        type="text"
        value=""
      />
    </div>
  </div>
</div>
`;
