// Vitest Snapshot v1, https://vitest.dev/guide/snapshot.html

exports[`AppHeader > should render without crashing 1`] = `
<div>
  <div
    class="MuiToolbar-root MuiToolbar-gutters MuiToolbar-regular css-1sixtck-MuiToolbar-root"
  >
    <div
      class="MuiBox-root css-1p1c9rl"
    >
      <img
        alt="corebeat icon"
        class="MuiBox-root css-sfvpng"
        src="/src/app/assets/coreic.png"
      />
    </div>
    <div
      class="MuiBox-root css-1wal5io"
    >
      <div
        class="MuiBox-root css-3g3bdw"
      >
        <svg
          aria-hidden="true"
          class="MuiSvgIcon-root MuiSvgIcon-fontSizeMedium css-18m7kj6-MuiSvgIcon-root"
          data-testid="SearchIcon"
          focusable="false"
          viewBox="0 0 24 24"
        >
          <path
            d="M15.5 14h-.79l-.28-.27C15.41 12.59 16 11.11 16 9.5 16 5.91 13.09 3 9.5 3S3 5.91 3 9.5 5.91 16 9.5 16c1.61 0 3.09-.59 4.23-1.57l.27.28v.79l5 4.99L20.49 19l-4.99-5zm-6 0C7.01 14 5 11.99 5 9.5S7.01 5 9.5 5 14 7.01 14 9.5 11.99 14 9.5 14z"
          />
        </svg>
      </div>
      <div
        class="MuiInputBase-root MuiInputBase-colorPrimary css-h0byw8-MuiInputBase-root"
      >
        <input
          aria-label="search"
          class="MuiInputBase-input css-1u71ta7-MuiInputBase-input"
          placeholder="Search"
          type="text"
          value=""
        />
      </div>
    </div>
    <div
      class="MuiAvatar-root MuiAvatar-circular MuiAvatar-colorDefault css-1ifj1il-MuiAvatar-root"
    >
      <div
        class="MuiBox-root css-12f00zy"
      >
        <svg
          aria-hidden="true"
          class="MuiSvgIcon-root MuiSvgIcon-fontSizeMedium css-i4bv87-MuiSvgIcon-root"
          data-testid="PersonOutlineIcon"
          focusable="false"
          viewBox="0 0 24 24"
        >
          <path
            d="M12 5.9c1.16 0 2.1.94 2.1 2.1s-.94 2.1-2.1 2.1S9.9 9.16 9.9 8s.94-2.1 2.1-2.1m0 9c2.97 0 6.1 1.46 6.1 2.1v1.1H5.9V17c0-.64 3.13-2.1 6.1-2.1M12 4C9.79 4 8 5.79 8 8s1.79 4 4 4 4-1.79 4-4-1.79-4-4-4zm0 9c-2.67 0-8 1.34-8 4v3h16v-3c0-2.66-5.33-4-8-4z"
          />
        </svg>
      </div>
    </div>
  </div>
</div>
`;
